// Jest Snapshot v1, https://goo.gl/fbAQLP

exports[`Should render ReviewsItem correctly 1`] = `
<li
  className="reviews__item"
>
  <div
    className="reviews__user user"
  >
    <div
      className="reviews__avatar-wrapper user__avatar-wrapper"
    >
      <img
        alt="Reviews avatar"
        className="reviews__avatar user__avatar"
        height="54"
        src="img/avatar-max.jpg"
        width="54"
      />
    </div>
    <span
      className="reviews__user-name"
    >
      Adam
    </span>
  </div>
  <div
    className="reviews__info"
  >
    <div
      className="reviews__rating rating"
    >
      <div
        className="reviews__stars rating__stars"
      >
        <span
          style={
            Object {
              "width": "80%",
            }
          }
        />
        <span
          className="visually-hidden"
        >
          Rating
        </span>
      </div>
    </div>
    <p
      className="reviews__text"
    >
      Easy Check In: Management did extra mile, and allowed me to check in several hours before. Cleaning of my unit was swiftly organized, and properly introduced.
    </p>
    <time
      className="reviews__time"
      dateTime="2020-01-12"
    >
      January 12, 2020
    </time>
  </div>
</li>
`;
